[0.513s] Invoking command in '/home/eleanorlow/spcrob/ros_ws2/src/path_planner': PYTHONPATH=/home/eleanorlow/spcrob/ros_ws2/build/path_planner/prefix_override:/usr/lib/python3/dist-packages/colcon_core/task/python/colcon_distutils_commands:/home/eleanorlow/spcrob/ros_ws2/install/path_planner/lib/python3.10/site-packages:${PYTHONPATH} /usr/bin/python3 -W ignore:setup.py install is deprecated -W ignore:easy_install command is deprecated setup.py egg_info --egg-base ../../build/path_planner build --build-base /home/eleanorlow/spcrob/ros_ws2/build/path_planner/build install --record /home/eleanorlow/spcrob/ros_ws2/build/path_planner/install.log --single-version-externally-managed install_data
[0.705s] running egg_info
[0.705s] writing ../../build/path_planner/path_planner.egg-info/PKG-INFO
[0.705s] writing dependency_links to ../../build/path_planner/path_planner.egg-info/dependency_links.txt
[0.705s] writing entry points to ../../build/path_planner/path_planner.egg-info/entry_points.txt
[0.705s] writing requirements to ../../build/path_planner/path_planner.egg-info/requires.txt
[0.705s] writing top-level names to ../../build/path_planner/path_planner.egg-info/top_level.txt
[0.705s] reading manifest file '../../build/path_planner/path_planner.egg-info/SOURCES.txt'
[0.706s] writing manifest file '../../build/path_planner/path_planner.egg-info/SOURCES.txt'
[0.706s] running build
[0.706s] running build_py
[0.706s] running install
[0.706s] running install_lib
[0.706s] running install_data
[0.706s] copying config/parameters.yaml -> /home/eleanorlow/spcrob/ros_ws2/install/path_planner/share/path_planner/config
[0.706s] running install_egg_info
[0.706s] removing '/home/eleanorlow/spcrob/ros_ws2/install/path_planner/lib/python3.10/site-packages/path_planner-0.0.0-py3.10.egg-info' (and everything under it)
[0.706s] Copying ../../build/path_planner/path_planner.egg-info to /home/eleanorlow/spcrob/ros_ws2/install/path_planner/lib/python3.10/site-packages/path_planner-0.0.0-py3.10.egg-info
[0.706s] running install_scripts
[0.721s] Installing graph_search_controller_node script to /home/eleanorlow/spcrob/ros_ws2/install/path_planner/lib/path_planner
[0.721s] writing list of installed files to '/home/eleanorlow/spcrob/ros_ws2/build/path_planner/install.log'
[0.738s] Invoked command in '/home/eleanorlow/spcrob/ros_ws2/src/path_planner' returned '0': PYTHONPATH=/home/eleanorlow/spcrob/ros_ws2/build/path_planner/prefix_override:/usr/lib/python3/dist-packages/colcon_core/task/python/colcon_distutils_commands:/home/eleanorlow/spcrob/ros_ws2/install/path_planner/lib/python3.10/site-packages:${PYTHONPATH} /usr/bin/python3 -W ignore:setup.py install is deprecated -W ignore:easy_install command is deprecated setup.py egg_info --egg-base ../../build/path_planner build --build-base /home/eleanorlow/spcrob/ros_ws2/build/path_planner/build install --record /home/eleanorlow/spcrob/ros_ws2/build/path_planner/install.log --single-version-externally-managed install_data
